<?xml version="1.0" encoding="utf-8"?><testsuites><testsuite name="pytest" errors="0" failures="0" skipped="0" tests="3" time="0.029" timestamp="2025-05-13T10:42:54.283312+05:30" hostname="LAPTOP-LEC46EMO"><testcase classname="test_assert" name="test_sample_one" time="0.001" /><testcase classname="test_assert" name="test_sample_two" time="0.001" /><testcase classname="test_assert" name="test_sample_three" time="0.000" /></testsuite></testsuites>